Microchip MPLAB XC8 Compiler V2.41

Linker command line:

\
  --edf=C:/Users/akihito/.mchp_packs/Microchip/PIC18F-Q_DFP/1.23.425/xc8\pic\dat\20231017160250_en.msgs \
  -pivt0x8=08h -cn -h+dist/default/production\EMU8088RAM.X.production.sym \
  --cmf=dist/default/production\EMU8088RAM.X.production.cmf -z -Q18F57Q43 \
  -oC:\Users\akihito\AppData\Local\Temp\xcAsbas.\driver_tmp_3.o \
  --defsym=__MPLAB_BUILD=1 --fixupoverflow=error \
  -Mdist/default/production/EMU8088RAM.X.production.map \
  --md=C:\Users\akihito\AppData\Local\Temp\xcAsbas.\driver_tmp_0.dat -E1 \
  -ver=XC8 Compiler --acfsm=1493 -ACODE=00h-01FFFFh -ACONST=00h-01FFFFh \
  -ASMALLCONST=02600h-026FFhx474 \
  -AMEDIUMCONST=02600h-0FFFFh,012600h-01FFFFh -ACOMRAM=0501h-055Fh \
  -AABS1=0500h-024FFh -ABIGRAM=0501h-024FFh \
  -ARAM=0560h-05FFh,0600h-06FFhx31 -ABANK5=0560h-05FFh -ABANK6=0600h-06FFh \
  -ABANK7=0700h-07FFh -ABANK8=0800h-08FFh -ABANK9=0900h-09FFh \
  -ABANK10=0A00h-0AFFh -ABANK11=0B00h-0BFFh -ABANK12=0C00h-0CFFh \
  -ABANK13=0D00h-0DFFh -ABANK14=0E00h-0EFFh -ABANK15=0F00h-0FFFh \
  -ABANK16=01000h-010FFh -ABANK17=01100h-011FFh -ABANK18=01200h-012FFh \
  -ABANK19=01300h-013FFh -ABANK20=01400h-014FFh -ABANK21=01500h-015FFh \
  -ABANK22=01600h-016FFh -ABANK23=01700h-017FFh -ABANK24=01800h-018FFh \
  -ABANK25=01900h-019FFh -ABANK26=01A00h-01AFFh -ABANK27=01B00h-01BFFh \
  -ABANK28=01C00h-01CFFh -ABANK29=01D00h-01DFFh -ABANK30=01E00h-01EFFh \
  -ABANK31=01F00h-01FFFh -ABANK32=02000h-020FFh -ABANK33=02100h-021FFh \
  -ABANK34=02200h-022FFh -ABANK35=02300h-023FFh -ABANK36=02400h-024FFh \
  -ASFR=00h-0FFhx4,0400h-045Fh,0460h-04FFh,02500h-025FFh \
  -ABIGSFR=00h-04FFh,02500h-025FFh -ACONFIG=0300000h-0300011h \
  -AIDLOC=0200000h-020003Fh -AEEDATA=0380000h-03803FFh -peeprom_data=EEDATA \
  -preset_vec=00h -ppowerup=CODE,init -pramtop=02600h \
  -psmallconst=SMALLCONST -pmediumconst=MEDIUMCONST -pconst=CONST \
  -AFARRAM=00h-00h \
  -prdata=COMRAM,nvrram=COMRAM,nvbit=COMRAM,rbss=COMRAM,rbit=COMRAM \
  -pfarbss=FARRAM,fardata=FARRAM,nvFARRAM=FARRAM \
  -pintsave_regs=BIGRAM,bigbss=BIGRAM,bigdata=BIGRAM -pbss=RAM \
  -pidata=CODE,irdata=CODE,ibigdata=CODE,ifardata=CODE -prparam=COMRAM \
  C:\Users\akihito\AppData\Local\Temp\xcAsbas.\driver_tmp_14.o \
  dist/default/production\EMU8088RAM.X.production.o 

Object code version is 3.11

Machine type is 18F57Q43



                Name                               Link     Load   Length Selector   Space Scale
C:\Users\akihito\AppData\Local\Temp\xcAsbas.\driver_tmp_14.o
                config                           300000   300000        A        0       4
                init                                102      102        4        4       0
                reset_vec                             0        0        4        0       0
dist/default/production\EMU8088RAM.X.production.o
                config                           300000   300000        A        0       4
                mediumconst                        C172     C172     3E8E     60B9       0
                ivt0x8                                8        8       FA        4       0
                text149                           1DD9A    1DD9A        4     EEB6       0
                text148                           1CFF0    1CFF0       80     73FC       0
                text147                           1DDA0    1DDA0        2     7768       0
                text146                           19E28    19E28      1B4     8000       0
                text145                           1D6DC    1D6DC       48     73FC       0
                text144                           1CB84    1CB84       A4     8000       0
                text143                           1D1D0    1D1D0       6A     73FC       0
                text142                           1C4E4    1C4E4       CC     8000       0
                text141                           1C8C2    1C8C2       B8     8000       0
                text140                           1DA1E    1DA1E       38     73FC       0
                text139                           1CCC4    1CCC4       94     8000       0
                text138                           1D460    1D460       54     73FC       0
                text137                           1D87C    1D87C       42     73FC       0
                text136                           1D2A0    1D2A0       5E     73FC       0
                text135                           1DD08    1DD08       18     73FC       0
                text134                           1DC72    1DC72       22     73FC       0
                text133                           1DB6C    1DB6C       2A     73FC       0
                text132                           1CEEA    1CEEA       84     8000       0
                text131                           1DC50    1DC50       22     73FC       0
                text130                           17C70    17C70      328     8000       0
                text129                           1DC2E    1DC2E       22     73FC       0
                text128                           1D76A    1D76A       46     73FC       0
                text127                           1C97A    1C97A       B6     8000       0
                text126                           1C744    1C744       C4     8000       0
                text125                           1DD20    1DD20       16     73FC       0
                text124                           1C67A    1C67A       CA     8000       0
                text123                           1C5B0    1C5B0       CA     8000       0
                text122                           1B802    1B802      10C     8000       0
                text121                           1BE12    1BE12       EC     8000       0
                text120                           1D8FE    1D8FE       40     73FC       0
                text119                           1D838    1D838       44     73FC       0
                text118                           1CADA    1CADA       AA     8000       0
                text117                           1966C    1966C      200     8000       0
                text116                           16E22    16E22      39A     8000       0
                text115                           1CA30    1CA30       AA     8000       0
                text114                           1BA14    1BA14      104     8000       0
                text113                           165F8    165F8      42A     8000       0
                text112                           1D9E6    1D9E6       38     73FC       0
                text111                           14B98    14B98      4C0     8000       0
                text110                           1D724    1D724       46     73FC       0
                text109                           1B90E    1B90E      106     8000       0
                text108                           1BC1A    1BC1A       FE     8000       0
                text107                           19034    19034      216     8000       0
                text106                           1D23A    1D23A       66     73FC       0
                text105                           1D5F8    1D5F8       50     73FC       0
                text104                           1D7F4    1D7F4       44     73FC       0
                text103                           10AC4    10AC4      A64     8000       0
                text102                           1DBE6    1DBE6       26     73FC       0
                text101                           1C34A    1C34A       CE     8000       0
                text100                           1D5A8    1D5A8       50     73FC       0
                text99                            1A4C0    1A4C0      192     8000       0
                text98                            1B5BA    1B5BA      12C     8000       0
                text97                            1D9AE    1D9AE       38     73FC       0
                text96                            1DB40    1DB40       2C     73FC       0
                text95                            1DB14    1DB14       2C     73FC       0
                text94                            1D976    1D976       38     73FC       0
                text93                            19C58    19C58      1D0     8000       0
                text92                            12D8E    12D8E      782     8000       0
                text91                            1D40A    1D40A       56     73FC       0
                text90                            1DBBE    1DBBE       28     73FC       0
                text89                            1ADCE    1ADCE      174     8000       0
                text88                            17552    17552      394     8000       0
                text87                            1A652    1A652      186     8000       0
                text86                            15972    15972      432     8000       0
                text85                            1AADA    1AADA      17E     8000       0
                text84                            1A180    1A180      1A2     8000       0
                text83                            1C418    1C418       CC     8000       0
                text82                            16A22    16A22      400     8000       0
                text81                            1D164    1D164       6C     73FC       0
                text80                            1DB96    1DB96       28     73FC       0
                text79                            141D4    141D4      500     8000       0
                text78                            13C24    13C24      5B0     8000       0
                text77                            1CE66    1CE66       84     8000       0
                text76                            1BB18    1BB18      102     8000       0
                text75                            11DA4    11DA4      802     8000       0
                text74                            13510    13510      714     8000       0
                text73                            1DD36    1DD36       12     73FC       0
                text72                            1D648    1D648       4C     73FC       0
                text71                            1C808    1C808       BA     8000       0
                text70                            1AC58    1AC58      176     8000       0
                text69                            1924A    1924A      212     8000       0
                text68                            18E1E    18E1E      216     8000       0
                text67                            11528    11528      87C     8000       0
                text66                            1DA88    1DA88       32     73FC       0
                text65                            1B6E6    1B6E6      11C     8000       0
                text64                            1DD96    1DD96        4     EEB6       0
                text63                            1AF42    1AF42      164     8000       0
                text62                            1CDE2    1CDE2       84     8000       0
                text61                            1B344    1B344      13E     8000       0
                text60                            161CE    161CE      42A     8000       0
                text59                            1DD92    1DD92        4     EEB6       0
                text58                            1DD8E    1DD8E        4     EEB6       0
                text57                            1DD8A    1DD8A        4     EEB6       0
                text56                            1DCF0    1DCF0       18     73FC       0
                text55                            1DD74    1DD74        8     EEB6       0
                text54                            1DD6C    1DD6C        8     EEB6       0
                text53                            1DD54    1DD54        C     73FC       0
                text52                            1DC94    1DC94       20     73FC       0
                text51                            1DD48    1DD48        C     73FC       0
                text50                            1DD7C    1DD7C        6     EEB6       0
                text49                            1DD86    1DD86        4     EEB6       0
                text48                            15512    15512      460     8000       0
                text47                            1DAE8    1DAE8       2C     73FC       0
                text46                            18284    18284      2C4     8000       0
                text45                            1C27C    1C27C       CE     8000       0
                text44                            17F98    17F98      2EC     8000       0
                text43                            19A64    19A64      1F4     8000       0
                text42                            1A322    1A322      19E     8000       0
                text41                            10000    10000      AC4     8000       0
                text40                            1BD18    1BD18       FA     8000       0
                text39                            1D506    1D506       52     73FC       0
                text38                            1D3B4    1D3B4       56     73FC       0
                text37                            18548    18548      272     8000       0
                text36                            1D93E    1D93E       38     73FC       0
                text35                            1B0A6    1B0A6      150     8000       0
                text34                            15DA4    15DA4      42A     8000       0
                text33                            178E6    178E6      38A     8000       0
                text32                            1B1F6    1B1F6      14E     8000       0
                text31                            1BFE4    1BFE4       E2     8000       0
                text30                            1CC28    1CC28       9C     8000       0
                text29                            1C0C6    1C0C6       E0     8000       0
                text28                            1D35A    1D35A       5A     73FC       0
                text27                            171BC    171BC      396     8000       0
                text26                            1A7D8    1A7D8      184     8000       0
                text25                            1CF6E    1CF6E       80     8000       0
                text24                            189EC    189EC      21C     8000       0
                text23                            187BA    187BA      232     8000       0
                text22                            125A6    125A6      7E8     8000       0
                text21                            1A95C    1A95C      17E     8000       0
                text20                            19FDC    19FDC      1A4     8000       0
                text19                            1986C    1986C      1F8     8000       0
                text18                            1BEFE    1BEFE       E6     8000       0
                text17                            1D694    1D694       48     73FC       0
                text16                            1D558    1D558       50     73FC       0
                text15                            1D0EC    1D0EC       78     73FC       0
                text14                            146D4    146D4      4C4     8000       0
                text13                            1DCD2    1DCD2       1E     73FC       0
                text12                            1DABA    1DABA       2E     73FC       0
                text11                            1DCB4    1DCB4       1E     73FC       0
                text10                            1D2FE    1D2FE       5C     73FC       0
                text9                             1D7B0    1D7B0       44     73FC       0
                text8                             1D070    1D070       7C     73FC       0
                text7                             1DA56    1DA56       32     73FC       0
                text6                             1B482    1B482      138     8000       0
                text5                             15058    15058      4BA     8000       0
                text4                             1CD58    1CD58       8A     8000       0
                text3                             1D4B4    1D4B4       52     73FC       0
                text2                             1945C    1945C      210     8000       0
                text1                             1DC0C    1DC0C       22     73FC       0
                text0                             18C08    18C08      216     8000       0
                cstackCOMRAM                        501      501       55      501       1
                cstackBANK5                         560      560       A0      560       1
                cstackBANK6                         600      600       DB      600       1
                cstackBANK7                         75C      75C       4F      700       1
                bssBIGRAM                           B00      B00     10FC      B00       1
                bssBANK10                           A00      A00      100      A00       1
                bssBANK9                            900      900       80      900       1
                dataBANK8                           850      850       40      800       1
                bssBANK8                            800      800       50      800       1
                dataBANK7                           7CC      7CC        B      700       1
                bssBANK7                            700      700       5C      700       1
                dataBANK6                           6F8      6F8        4      600       1
                bssBANK6                            6DB      6DB       1D      600       1
                bssCOMRAM                           556      556        5      501       1
                cinit                             1C1A6    1C1A6       D6     8000       0
                nvBANK7                             7AB      7AB       21      700       1
                nvBANK6                             6FC      6FC        3      600       1
                idataBANK8                        1D8BE    1D8BE       40     73FC       0
                idataBANK7                        1DD60    1DD60        B     73FC       0
                idataBANK6                        1DD82    1DD82        4     EEB6       0

TOTAL           Name                               Link     Load   Length     Space
        CLASS   CODE           
                init                                102      102        4         0
                reset_vec                             0        0        4         0
                ivt0x8                                8        8       FA         0
                text149                           1DD9A    1DD9A        4         0
                text148                           1CFF0    1CFF0       80         0
                text147                           1DDA0    1DDA0        2         0
                text146                           19E28    19E28      1B4         0
                text145                           1D6DC    1D6DC       48         0
                text144                           1CB84    1CB84       A4         0
                text143                           1D1D0    1D1D0       6A         0
                text142                           1C4E4    1C4E4       CC         0
                text141                           1C8C2    1C8C2       B8         0
                text140                           1DA1E    1DA1E       38         0
                text139                           1CCC4    1CCC4       94         0
                text138                           1D460    1D460       54         0
                text137                           1D87C    1D87C       42         0
                text136                           1D2A0    1D2A0       5E         0
                text135                           1DD08    1DD08       18         0
                text134                           1DC72    1DC72       22         0
                text133                           1DB6C    1DB6C       2A         0
                text132                           1CEEA    1CEEA       84         0
                text131                           1DC50    1DC50       22         0
                text130                           17C70    17C70      328         0
                text129                           1DC2E    1DC2E       22         0
                text128                           1D76A    1D76A       46         0
                text127                           1C97A    1C97A       B6         0
                text126                           1C744    1C744       C4         0
                text125                           1DD20    1DD20       16         0
                text124                           1C67A    1C67A       CA         0
                text123                           1C5B0    1C5B0       CA         0
                text122                           1B802    1B802      10C         0
                text121                           1BE12    1BE12       EC         0
                text120                           1D8FE    1D8FE       40         0
                text119                           1D838    1D838       44         0
                text118                           1CADA    1CADA       AA         0
                text117                           1966C    1966C      200         0
                text116                           16E22    16E22      39A         0
                text115                           1CA30    1CA30       AA         0
                text114                           1BA14    1BA14      104         0
                text113                           165F8    165F8      42A         0
                text112                           1D9E6    1D9E6       38         0
                text111                           14B98    14B98      4C0         0
                text110                           1D724    1D724       46         0
                text109                           1B90E    1B90E      106         0
                text108                           1BC1A    1BC1A       FE         0
                text107                           19034    19034      216         0
                text106                           1D23A    1D23A       66         0
                text105                           1D5F8    1D5F8       50         0
                text104                           1D7F4    1D7F4       44         0
                text103                           10AC4    10AC4      A64         0
                text102                           1DBE6    1DBE6       26         0
                text101                           1C34A    1C34A       CE         0
                text100                           1D5A8    1D5A8       50         0
                text99                            1A4C0    1A4C0      192         0
                text98                            1B5BA    1B5BA      12C         0
                text97                            1D9AE    1D9AE       38         0
                text96                            1DB40    1DB40       2C         0
                text95                            1DB14    1DB14       2C         0
                text94                            1D976    1D976       38         0
                text93                            19C58    19C58      1D0         0
                text92                            12D8E    12D8E      782         0
                text91                            1D40A    1D40A       56         0
                text90                            1DBBE    1DBBE       28         0
                text89                            1ADCE    1ADCE      174         0
                text88                            17552    17552      394         0
                text87                            1A652    1A652      186         0
                text86                            15972    15972      432         0
                text85                            1AADA    1AADA      17E         0
                text84                            1A180    1A180      1A2         0
                text83                            1C418    1C418       CC         0
                text82                            16A22    16A22      400         0
                text81                            1D164    1D164       6C         0
                text80                            1DB96    1DB96       28         0
                text79                            141D4    141D4      500         0
                text78                            13C24    13C24      5B0         0
                text77                            1CE66    1CE66       84         0
                text76                            1BB18    1BB18      102         0
                text75                            11DA4    11DA4      802         0
                text74                            13510    13510      714         0
                text73                            1DD36    1DD36       12         0
                text72                            1D648    1D648       4C         0
                text71                            1C808    1C808       BA         0
                text70                            1AC58    1AC58      176         0
                text69                            1924A    1924A      212         0
                text68                            18E1E    18E1E      216         0
                text67                            11528    11528      87C         0
                text66                            1DA88    1DA88       32         0
                text65                            1B6E6    1B6E6      11C         0
                text64                            1DD96    1DD96        4         0
                text63                            1AF42    1AF42      164         0
                text62                            1CDE2    1CDE2       84         0
                text61                            1B344    1B344      13E         0
                text60                            161CE    161CE      42A         0
                text59                            1DD92    1DD92        4         0
                text58                            1DD8E    1DD8E        4         0
                text57                            1DD8A    1DD8A        4         0
                text56                            1DCF0    1DCF0       18         0
                text55                            1DD74    1DD74        8         0
                text54                            1DD6C    1DD6C        8         0
                text53                            1DD54    1DD54        C         0
                text52                            1DC94    1DC94       20         0
                text51                            1DD48    1DD48        C         0
                text50                            1DD7C    1DD7C        6         0
                text49                            1DD86    1DD86        4         0
                text48                            15512    15512      460         0
                text47                            1DAE8    1DAE8       2C         0
                text46                            18284    18284      2C4         0
                text45                            1C27C    1C27C       CE         0
                text44                            17F98    17F98      2EC         0
                text43                            19A64    19A64      1F4         0
                text42                            1A322    1A322      19E         0
                text41                            10000    10000      AC4         0
                text40                            1BD18    1BD18       FA         0
                text39                            1D506    1D506       52         0
                text38                            1D3B4    1D3B4       56         0
                text37                            18548    18548      272         0
                text36                            1D93E    1D93E       38         0
                text35                            1B0A6    1B0A6      150         0
                text34                            15DA4    15DA4      42A         0
                text33                            178E6    178E6      38A         0
                text32                            1B1F6    1B1F6      14E         0
                text31                            1BFE4    1BFE4       E2         0
                text30                            1CC28    1CC28       9C         0
                text29                            1C0C6    1C0C6       E0         0
                text28                            1D35A    1D35A       5A         0
                text27                            171BC    171BC      396         0
                text26                            1A7D8    1A7D8      184         0
                text25                            1CF6E    1CF6E       80         0
                text24                            189EC    189EC      21C         0
                text23                            187BA    187BA      232         0
                text22                            125A6    125A6      7E8         0
                text21                            1A95C    1A95C      17E         0
                text20                            19FDC    19FDC      1A4         0
                text19                            1986C    1986C      1F8         0
                text18                            1BEFE    1BEFE       E6         0
                text17                            1D694    1D694       48         0
                text16                            1D558    1D558       50         0
                text15                            1D0EC    1D0EC       78         0
                text14                            146D4    146D4      4C4         0
                text13                            1DCD2    1DCD2       1E         0
                text12                            1DABA    1DABA       2E         0
                text11                            1DCB4    1DCB4       1E         0
                text10                            1D2FE    1D2FE       5C         0
                text9                             1D7B0    1D7B0       44         0
                text8                             1D070    1D070       7C         0
                text7                             1DA56    1DA56       32         0
                text6                             1B482    1B482      138         0
                text5                             15058    15058      4BA         0
                text4                             1CD58    1CD58       8A         0
                text3                             1D4B4    1D4B4       52         0
                text2                             1945C    1945C      210         0
                text1                             1DC0C    1DC0C       22         0
                text0                             18C08    18C08      216         0
                cinit                             1C1A6    1C1A6       D6         0
                idataBANK8                        1D8BE    1D8BE       40         0
                idataBANK7                        1DD60    1DD60        B         0
                idataBANK6                        1DD82    1DD82        4         0

        CLASS   CONST          

        CLASS   SMALLCONST     

        CLASS   MEDIUMCONST    
                mediumconst                        C172     C172     3E8E         0

        CLASS   COMRAM         
                cstackCOMRAM                        501      501       55         1
                bssCOMRAM                           556      556        5         1

        CLASS   ABS1           

        CLASS   BIGRAM         
                bssBIGRAM                           B00      B00     10FC         1

        CLASS   RAM            

        CLASS   BANK5          
                cstackBANK5                         560      560       A0         1

        CLASS   BANK6          
                cstackBANK6                         600      600       DB         1
                dataBANK6                           6F8      6F8        4         1
                bssBANK6                            6DB      6DB       1D         1
                nvBANK6                             6FC      6FC        3         1

        CLASS   BANK7          
                cstackBANK7                         75C      75C       4F         1
                dataBANK7                           7CC      7CC        B         1
                bssBANK7                            700      700       5C         1
                nvBANK7                             7AB      7AB       21         1

        CLASS   BANK8          
                dataBANK8                           850      850       40         1
                bssBANK8                            800      800       50         1

        CLASS   BANK9          
                bssBANK9                            900      900       80         1

        CLASS   BANK10         
                bssBANK10                           A00      A00      100         1

        CLASS   BANK11         

        CLASS   BANK12         

        CLASS   BANK13         

        CLASS   BANK14         

        CLASS   BANK15         

        CLASS   BANK16         

        CLASS   BANK17         

        CLASS   BANK18         

        CLASS   BANK19         

        CLASS   BANK20         

        CLASS   BANK21         

        CLASS   BANK22         

        CLASS   BANK23         

        CLASS   BANK24         

        CLASS   BANK25         

        CLASS   BANK26         

        CLASS   BANK27         

        CLASS   BANK28         

        CLASS   BANK29         

        CLASS   BANK30         

        CLASS   BANK31         

        CLASS   BANK32         

        CLASS   BANK33         

        CLASS   BANK34         

        CLASS   BANK35         

        CLASS   BANK36         

        CLASS   SFR            

        CLASS   BIGSFR         

        CLASS   CONFIG         
                config                           300000   300000        A         4

        CLASS   IDLOC          

        CLASS   EEDATA         

        CLASS   FARRAM         

        CLASS   HEAP           

        CLASS   STACK          



SEGMENTS        Name                           Load    Length   Top    Selector   Space  Class

                reset_vec                      000000  000004  000004         0       0  CODE    
                ivt0x8                         000008  0000FE  000106         4       0  CODE    
                cstackCOMRAM                   000501  00005A  00055B       501       1  COMRAM  
                cstackBANK5                    000560  0000A0  000600       560       1  BANK5   
                cstackBANK6                    000600  0000FF  0006FF       600       1  BANK6   
                bssBANK7                       000700  0000D7  0007D7       700       1  BANK7   
                bssBANK8                       000800  000090  000890       800       1  BANK8   
                bssBANK9                       000900  000080  000980       900       1  BANK9   
                bssBANK10                      000A00  000100  000B00       A00       1  BANK10  
                bssBIGRAM                      000B00  0010FC  001BFC       B00       1  BIGRAM  
                mediumconst                    00C172  003E8E  010000      60B9       0  MEDIUMCO
                text41                         010000  00CFEE  01CFEE      8000       0  CODE    
                text148                        01CFF0  000D7B  01DD6B      73FC       0  CODE    
                text54                         01DD6C  000032  01DD9E      EEB6       0  CODE    
                text147                        01DDA0  000002  01DDA2      7768       0  CODE    


UNUSED ADDRESS RANGES

        Name                Unused          Largest block    Delta
        BANK27           001BFC-001BFF                4
        BANK28           001C00-001CFF              100
        BANK29           001D00-001DFF              100
        BANK30           001E00-001EFF              100
        BANK31           001F00-001FFF              100
        BANK32           002000-0020FF              100
        BANK33           002100-0021FF              100
        BANK34           002200-0022FF              100
        BANK35           002300-0023FF              100
        BANK36           002400-0024FF              100
        BANK6            0006FF-0006FF                1
        BANK7            0007D7-0007FF               29
        BANK8            000890-0008FF               70
        BANK9            000980-0009FF               80
        BIGRAM           00055B-00055F                5
                         0006FF-0006FF                1
                         0007D7-0007FF               29
                         000890-0008FF               70
                         000980-0009FF               80
                         001BFC-0024FF              904
        BIGSFR           000000-0004FF              500
                         002500-0025FF              100
        CODE             000004-000007                4
                         000106-00C171             C06C
                         01CFEE-01CFEF                2
                         01DD6B-01DD6B                1
                         01DD9E-01DD9F                2
                         01DDA2-01FFFF             225E
        COMRAM           00055B-00055F                5
        CONFIG           30000A-300011                8
        CONST            000004-000007                4
                         000106-00C171             C06C
                         01CFEE-01CFEF                2
                         01DD6B-01DD6B                1
                         01DD9E-01DD9F                2
                         01DDA2-01FFFF             225E
        EEDATA           380000-3803FF              400
        IDLOC            200000-20003F               40
        MEDIUMCONST      002600-00C171             9B72
                         01CFEE-01CFEF                2
                         01DD6B-01DD6B                1
                         01DD9E-01DD9F                2
                         01DDA2-01FFFF             225E
        RAM              0006FF-0006FF                1
                         0007D7-0007FF               29
                         000890-0008FF               70
                         000980-0009FF               80
                         001BFC-0024FF              100
        SFR              000000-0004FF              100
                         002500-0025FF              100
        SMALLCONST       002600-00C171              100
                         01CFEE-01CFEF                2
                         01DD6B-01DD6B                1
                         01DD9E-01DD9F                2
                         01DDA2-01FFFF              100

                                  Symbol Table

?_SDCard_init                             cstackBANK5  0005CC
?_SDCard_read512                          cstackBANK5  0005E5
?_SDCard_write512                         cstackBANK5  0005E5
?___SDCard_command_r1                     cstackCOMRAM 00051D
?___SDCard_crc16                          cstackCOMRAM 000506
?___aldiv                                 cstackCOMRAM 000506
?___almod                                 cstackCOMRAM 000506
?___fladd                                 cstackCOMRAM 000506
?___fldiv                                 cstackCOMRAM 00052D
?___flmul                                 cstackCOMRAM 000514
?___flneg                                 cstackCOMRAM 000506
?___flsub                                 cstackCOMRAM 00052D
?___fltol                                 cstackCOMRAM 000506
?___fpclassifyf                           cstackCOMRAM 000506
?___lldiv                                 cstackCOMRAM 000506
?___lmul                                  cstackCOMRAM 000506
?___wmul                                  cstackCOMRAM 000506
?___xxtofl                                cstackCOMRAM 000506
?_abs                                     cstackCOMRAM 000510
?_check_fs                                cstackBANK6  00062D
?_clst2sect                               cstackCOMRAM 000512
?_create_chain                            cstackBANK6  00064E
?_dbc_1st                                 cstackCOMRAM 000506
?_dbc_2nd                                 cstackCOMRAM 000506
?_disk_init                               cstackBANK6  0006CA
?_find_volume                             cstackBANK6  00063B
?_floorf                                  cstackCOMRAM 000546
?_get_fat                                 cstackBANK6  00062D
?_get_fattime                             cstackCOMRAM 000506
?_get_ldnumber                            cstackCOMRAM 000506
?_get_physical_addr                       cstackCOMRAM 000506
?_getch                                   cstackCOMRAM 000506
?_isalpha                                 cstackCOMRAM 000506
?_islower                                 cstackCOMRAM 000506
?_isupper                                 cstackCOMRAM 000506
?_labs                                    cstackCOMRAM 000506
?_ld_clust                                cstackCOMRAM 00050D
?_ld_dword                                cstackCOMRAM 000506
?_ld_word                                 cstackCOMRAM 000506
?_memcmp                                  cstackCOMRAM 000506
?_menu_select                             cstackBANK6  0006CB
?_printf                                  cstackBANK5  0005B6
?_read_prec_or_width                      cstackCOMRAM 00050C
?_sprintf                                 cstackBANK5  0005B6
?_strchr                                  cstackCOMRAM 000506
?_strcmp                                  cstackCOMRAM 000506
?_strlen                                  cstackCOMRAM 000506
?_strncmp                                 cstackCOMRAM 000506
?_toupper                                 cstackCOMRAM 00050A
?_vfprintf                                cstackBANK5  0005AE
IVTBASEH                                  (abs)        00045E
IVTBASEL                                  (abs)        00045D
IVTBASEU                                  (abs)        00045F
SDCard_command@argument                   cstackCOMRAM 00052D
SDCard_command@command                    cstackCOMRAM 000535
SDCard_command@length                     cstackCOMRAM 000533
SDCard_command@response_buffer            cstackCOMRAM 000531
SDCard_command@responsep                  cstackCOMRAM 00053A
SDCard_command@result                     cstackCOMRAM 000538
SDCard_command@spi                        cstackCOMRAM 000536
SDCard_crc@buf                            cstackCOMRAM 000506
SDCard_crc@count                          cstackCOMRAM 000508
SDCard_crc@crc                            cstackCOMRAM 00050E
SDCard_crc@endp                           cstackCOMRAM 00050A
SDCard_crc@i                              cstackCOMRAM 00050C
SDCard_crc@p                              cstackCOMRAM 00050F
SDCard_end_transaction@spi                cstackCOMRAM 000517
SDCard_init@buf                           cstackBANK5  0005D7
SDCard_init@clock_speed                   cstackBANK5  0005CE
SDCard_init@i                             cstackBANK5  0005D3
SDCard_init@initial_clock_speed           cstackBANK5  0005CC
SDCard_init@spi                           cstackBANK5  0005D5
SDCard_init@timeout                       cstackBANK5  0005D0
SDCard_read512@addr                       cstackBANK5  0005E5
SDCard_read512@buf                        cstackBANK5  0005EB
SDCard_read512@count                      cstackBANK5  0005ED
SDCard_read512@crc                        cstackBANK6  00060C
SDCard_read512@i                          cstackBANK6  000600
SDCard_read512@i_664                      cstackBANK6  000602
SDCard_read512@offs                       cstackBANK5  0005E9
SDCard_read512@resp_crc                   cstackBANK6  000606
SDCard_read512@response                   cstackBANK6  00060E
SDCard_read512@result                     cstackBANK6  000608
SDCard_read512@retry                      cstackBANK6  000604
SDCard_read512@spi                        cstackBANK6  00060A
SDCard_write512@addr                      cstackBANK5  0005E5
SDCard_write512@buf                       cstackBANK5  0005EB
SDCard_write512@count                     cstackBANK5  0005ED
SDCard_write512@crc                       cstackBANK5  0005FB
SDCard_write512@i                         cstackBANK5  0005F3
SDCard_write512@i_681                     cstackBANK5  0005F5
SDCard_write512@offs                      cstackBANK5  0005E9
SDCard_write512@response                  cstackBANK5  0005FF
SDCard_write512@result                    cstackBANK5  0005F9
SDCard_write512@retry                     cstackBANK5  0005F7
SDCard_write512@spi                       cstackBANK5  0005FD
SPI_SD_begin@ctx                          cstackCOMRAM 000508
SPI_SD_begin@ctx_                         cstackCOMRAM 000506
SPI_SD_begin_transaction@ctx_             cstackCOMRAM 00050A
SPI_SD_configure@bit_order                cstackBANK5  0005C8
SPI_SD_configure@clock_speed              cstackBANK5  0005C6
SPI_SD_configure@ctx_                     cstackBANK5  0005C4
SPI_SD_configure@data_mode                cstackBANK5  0005C9
SPI_SD_dummy_clocks@clocks                cstackCOMRAM 000512
SPI_SD_dummy_clocks@ctx_                  cstackCOMRAM 000510
SPI_SD_dummy_clocks@dummy                 cstackCOMRAM 000516
SPI_SD_dummy_clocks@i                     cstackCOMRAM 000514
SPI_SD_end_transaction@ctx_               cstackCOMRAM 00050A
SPI_SD_receive@buf                        cstackCOMRAM 000508
SPI_SD_receive@count                      cstackCOMRAM 00050A
SPI_SD_receive@ctx_                       cstackCOMRAM 000506
SPI_SD_receive@i                          cstackCOMRAM 00050F
SPI_SD_receive@i_580                      cstackCOMRAM 000511
SPI_SD_receive@p                          cstackCOMRAM 000512
SPI_SD_receive@repeat                     cstackCOMRAM 00050E
SPI_SD_receive_byte@ctx_                  cstackCOMRAM 000514
SPI_SD_receive_byte@dummy                 cstackCOMRAM 000516
SPI_SD_select@ctx_                        cstackCOMRAM 000506
SPI_SD_select@select                      cstackCOMRAM 000508
SPI_SD_send@buf                           cstackCOMRAM 000508
SPI_SD_send@count                         cstackCOMRAM 00050A
SPI_SD_send@ctx_                          cstackCOMRAM 000506
SPI_SD_send@i                             cstackCOMRAM 00050C
SPI_SD_send@p                             cstackCOMRAM 00050E
URT3Rx_ISR@rx_data                        cstackCOMRAM 000505
_ANSELA                                   (abs)        000400
_ANSELB                                   (abs)        000408
_ANSELC                                   (abs)        000410
_ANSELD                                   (abs)        000418
_ANSELE0                                  (abs)        002100
_ANSELE1                                  (abs)        002101
_ANSELE2                                  (abs)        002102
_ANSELF                                   (abs)        000428
_CLC5OUT                                  (abs)        0006A4
_CLCIN0PPS                                (abs)        000261
_CLCIN1PPS                                (abs)        000262
_CLCIN2PPS                                (abs)        000263
_CLCIN3PPS                                (abs)        000264
_CLCIN6PPS                                (abs)        000267
_CLCIN7PPS                                (abs)        000268
_CLCSELECT                                (abs)        0000D5
_CLCnCON                                  (abs)        0000D6
_CLCnGLS0                                 (abs)        0000DC
_CLCnGLS1                                 (abs)        0000DD
_CLCnGLS2                                 (abs)        0000DE
_CLCnGLS3                                 (abs)        0000DF
_CLCnPOL                                  (abs)        0000D7
_CLCnSEL0                                 (abs)        0000D8
_CLCnSEL1                                 (abs)        0000D9
_CLCnSEL2                                 (abs)        0000DA
_CLCnSEL3                                 (abs)        0000DB
_DbcTbl                                   mediumconst  00C173
_Default_ISR                              text147      01DDA0
_FatFs                                    bssBANK6     0006E2
_Fsid                                     bssBANK7     000712
_G3POL                                    (abs)        0006BA
_GIE                                      (abs)        0026B7
_IVTBASE                                  (abs)        00045D
_IVTLOCK                                  (abs)        000459
_IVTLOCKbits                              (abs)        000459
_LATA0                                    (abs)        0025F0
_LATA1                                    (abs)        0025F1
_LATA2                                    (abs)        0025F2
_LATA3                                    (abs)        0025F3
_LATA5                                    (abs)        0025F5
_LATA6                                    (abs)        0025F6
_LATB0                                    (abs)        0025F8
_LATB1                                    (abs)        0025F9
_LATB2                                    (abs)        0025FA
_LATB5                                    (abs)        0025FD
_LATB6                                    (abs)        0025FE
_LATB7                                    (abs)        0025FF
_LATC                                     (abs)        0004C0
_LATD                                     (abs)        0004C1
_LATE0                                    (abs)        002610
_LATE1                                    (abs)        002611
_LATE2                                    (abs)        002612
_LATF                                     (abs)        0004C3
_OSCFRQ                                   (abs)        0000B1
_PIR9                                     (abs)        0004B7
_PORTC                                    (abs)        0004D0
_PORTD                                    (abs)        0004D1
_PWM3CLK                                  (abs)        00047F
_PWM3CON                                  (abs)        000487
_PWM3GIE                                  (abs)        000486
_PWM3PR                                   (abs)        000481
_PWM3S1CFG                                (abs)        000488
_PWM3S1P1                                 (abs)        000489
_PWM3S1P2                                 (abs)        00048B
_RA5                                      (abs)        002675
_RA6PPS                                   (abs)        000207
_RB1                                      (abs)        002679
_RB1PPS                                   (abs)        00020A
_RB2                                      (abs)        00267A
_RB2PPS                                   (abs)        00020B
_RB6PPS                                   (abs)        00020F
_RB7PPS                                   (abs)        000210
_RC0PPS                                   (abs)        000211
_RC1PPS                                   (abs)        000212
_RE0PPS                                   (abs)        000221
_SDCard_command                           text8        01D070
_SDCard_crc                               text132      01CEEA
_SDCard_end_transaction                   text133      01DB6C
_SDCard_init                              text5        015058
_SDCard_read512                           text88       017552
_SDCard_write512                          text86       015972
_SLRCONCbits                              (abs)        000413
_SPI1BAUD                                 (abs)        000089
_SPI1CLK                                  (abs)        00008C
_SPI1CON0                                 (abs)        000084
_SPI1CON0bits                             (abs)        000084
_SPI1CON1                                 (abs)        000085
_SPI1CON1bits                             (abs)        000085
_SPI1CON2bits                             (abs)        000086
_SPI1INTE                                 (abs)        00008B
_SPI1RXB                                  (abs)        000080
_SPI1RXIF                                 (abs)        002588
_SPI1SCKPPS                               (abs)        00026A
_SPI1SDIPPS                               (abs)        00026B
_SPI1TCNTH                                (abs)        000083
_SPI1TCNTL                                (abs)        000082
_SPI1TWIDTH                               (abs)        000088
_SPI1TXB                                  (abs)        000081
_SPI_SD_begin                             text7        01DA56
_SPI_SD_begin_transaction                 text131      01DC50
_SPI_SD_configure                         text6        01B482
_SPI_SD_ctx                               dataBANK7    0007D5
_SPI_SD_dummy_clocks                      text136      01D2A0
_SPI_SD_end_transaction                   text134      01DC72
_SPI_SD_receive                           text130      017C70
_SPI_SD_receive_byte                      text129      01DC2E
_SPI_SD_select                            text135      01DD08
_SPI_SD_send                              text139      01CCC4
_TRISA0                                   (abs)        002630
_TRISA1                                   (abs)        002631
_TRISA2                                   (abs)        002632
_TRISA3                                   (abs)        002633
_TRISA5                                   (abs)        002635
_TRISA6                                   (abs)        002636
_TRISA7                                   (abs)        002637
_TRISB0                                   (abs)        002638
_TRISB1                                   (abs)        002639
_TRISB2                                   (abs)        00263A
_TRISB3                                   (abs)        00263B
_TRISB5                                   (abs)        00263D
_TRISB6                                   (abs)        00263E
_TRISB7                                   (abs)        00263F
_TRISC                                    (abs)        0004C8
_TRISC0                                   (abs)        002640
_TRISC1                                   (abs)        002641
_TRISC2                                   (abs)        002642
_TRISD                                    (abs)        0004C9
_TRISE0                                   (abs)        002650
_TRISE1                                   (abs)        002651
_TRISE2                                   (abs)        002652
_TRISF                                    (abs)        0004CB
_U3BRG                                    (abs)        0002D4
_U3ON                                     (abs)        001697
_U3RXB                                    (abs)        0002C7
_U3RXEN                                   (abs)        00168C
_U3RXIE                                   (abs)        002538
_U3RXPPS                                  (abs)        000276
_U3TXB                                    (abs)        0002C9
_U3TXEN                                   (abs)        00168D
_U3TXIF                                   (abs)        0025B9
_URT3Rx_ISR                               text148      01CFF0
_WPUA0                                    (abs)        002008
_WPUA1                                    (abs)        002009
_WPUA2                                    (abs)        00200A
_WPUA3                                    (abs)        00200B
_WPUA5                                    (abs)        00200D
_WPUB0                                    (abs)        002048
_WPUB1                                    (abs)        002049
_WPUB2                                    (abs)        00204A
_WPUB3                                    (abs)        00204B
_WPUB6                                    (abs)        00204E
_WPUC                                     (abs)        000411
_WPUD                                     (abs)        000419
_WPUE2                                    (abs)        00210A
_WPUF                                     (abs)        000429
__HRAM                                    (abs)        000000
__H__absolute__                           __absolute__ 000000
__Habs1                                   abs1         000000
__Hbank10                                 bank10       000000
__Hbank11                                 bank11       000000
__Hbank12                                 bank12       000000
__Hbank13                                 bank13       000000
__Hbank14                                 bank14       000000
__Hbank15                                 bank15       000000
__Hbank16                                 bank16       000000
__Hbank17                                 bank17       000000
__Hbank18                                 bank18       000000
__Hbank19                                 bank19       000000
__Hbank20                                 bank20       000000
__Hbank21                                 bank21       000000
__Hbank22                                 bank22       000000
__Hbank23                                 bank23       000000
__Hbank24                                 bank24       000000
__Hbank25                                 bank25       000000
__Hbank26                                 bank26       000000
__Hbank27                                 bank27       000000
__Hbank28                                 bank28       000000
__Hbank29                                 bank29       000000
__Hbank30                                 bank30       000000
__Hbank31                                 bank31       000000
__Hbank32                                 bank32       000000
__Hbank33                                 bank33       000000
__Hbank34                                 bank34       000000
__Hbank35                                 bank35       000000
__Hbank36                                 bank36       000000
__Hbank5                                  bank5        000000
__Hbank6                                  bank6        000000
__Hbank7                                  bank7        000000
__Hbank8                                  bank8        000000
__Hbank9                                  bank9        000000
__Hbigbss                                 bigbss       000000
__Hbigdata                                bigdata      000000
__Hbigram                                 bigram       000000
__Hbigsfr                                 bigsfr       000000
__Hbss                                    bss          000000
__HbssBANK10                              bssBANK10    000000
__HbssBANK6                               bssBANK6     000000
__HbssBANK7                               bssBANK7     000000
__HbssBANK8                               bssBANK8     000000
__HbssBANK9                               bssBANK9     000000
__HbssBIGRAM                              bssBIGRAM    000000
__HbssCOMRAM                              bssCOMRAM    000000
__Hcinit                                  cinit        000000
__Hclrtext                                clrtext      000000
__Hcomram                                 comram       000000
__Hconfig                                 config       30000A
__Hconst                                  const        000000
__HcstackBANK5                            cstackBANK5  000000
__HcstackBANK6                            cstackBANK6  000000
__HcstackBANK7                            cstackBANK7  000000
__HcstackCOMRAM                           cstackCOMRAM 000000
__Hdata                                   data         000000
__HdataBANK6                              dataBANK6    000000
__HdataBANK7                              dataBANK7    000000
__HdataBANK8                              dataBANK8    000000
__Heeprom_data                            eeprom_data  000000
__Hfarbss                                 farbss       000000
__Hfardata                                fardata      000000
__Hheap                                   heap         000000
__Hibigdata                               ibigdata     000000
__Hidata                                  idata        000000
__HidataBANK6                             idataBANK6   000000
__HidataBANK7                             idataBANK7   000000
__HidataBANK8                             idataBANK8   000000
__Hidloc                                  idloc        000000
__Hifardata                               ifardata     000000
__Hinit                                   init         000106
__Hintsave_regs                           intsave_regs 000000
__Hirdata                                 irdata       000000
__Hivt0x8                                 ivt0x8       000102
__Hmediumconst                            mediumconst  010000
__HnvBANK6                                nvBANK6      000000
__HnvBANK7                                nvBANK7      000000
__HnvFARRAM                               nvFARRAM     000000
__Hnvbit                                  nvbit        000000
__Hnvrram                                 nvrram       000000
__Hparam                                  rparam       000000
__Hpowerup                                powerup      000000
__Hram                                    ram          000000
__Hramtop                                 ramtop       002600
__Hrbit                                   rbit         000000
__Hrbss                                   rbss         000000
__Hrdata                                  rdata        000000
__Hreset_vec                              reset_vec    000004
__Hrparam                                 rparam       000000
__Hsfr                                    sfr          000000
__Hsmallconst                             smallconst   000000
__Hspace_0                                (abs)        01DDA2
__Hspace_1                                (abs)        001BFC
__Hspace_2                                (abs)        000000
__Hspace_4                                (abs)        60000A
__Hstack                                  stack        000000
__Hstruct                                 struct       000000
__Htemp                                   temp         000000
__Htext                                   text         000000
__Htext0                                  text0        000000
__Htext1                                  text1        000000
__Htext10                                 text10       000000
__Htext100                                text100      000000
__Htext101                                text101      000000
__Htext102                                text102      000000
__Htext103                                text103      000000
__Htext104                                text104      000000
__Htext105                                text105      000000
__Htext106                                text106      000000
__Htext107                                text107      000000
__Htext108                                text108      000000
__Htext109                                text109      000000
__Htext11                                 text11       000000
__Htext110                                text110      000000
__Htext111                                text111      000000
__Htext112                                text112      000000
__Htext113                                text113      000000
__Htext114                                text114      000000
__Htext115                                text115      000000
__Htext116                                text116      000000
__Htext117                                text117      000000
__Htext118                                text118      000000
__Htext119                                text119      000000
__Htext12                                 text12       000000
__Htext120                                text120      000000
__Htext121                                text121      000000
__Htext122                                text122      000000
__Htext123                                text123      000000
__Htext124                                text124      000000
__Htext125                                text125      000000
__Htext126                                text126      000000
__Htext127                                text127      000000
__Htext128                                text128      000000
__Htext129                                text129      000000
__Htext13                                 text13       000000
__Htext130                                text130      000000
__Htext131                                text131      000000
__Htext132                                text132      000000
__Htext133                                text133      000000
__Htext134                                text134      000000
__Htext135                                text135      000000
__Htext136                                text136      000000
__Htext137                                text137      000000
__Htext138                                text138      000000
__Htext139                                text139      000000
__Htext14                                 text14       000000
__Htext140                                text140      000000
__Htext141                                text141      000000
__Htext142                                text142      000000
__Htext143                                text143      000000
__Htext144                                text144      000000
__Htext145                                text145      000000
__Htext146                                text146      000000
__Htext147                                text147      000000
__Htext148                                text148      000000
__Htext149                                text149      000000
__Htext15                                 text15       000000
__Htext150                                text150      000000
__Htext16                                 text16       000000
__Htext17                                 text17       000000
__Htext18                                 text18       000000
__Htext19                                 text19       000000
__Htext2                                  text2        000000
__Htext20                                 text20       000000
__Htext21                                 text21       000000
__Htext22                                 text22       000000
__Htext23                                 text23       000000
__Htext24                                 text24       000000
__Htext25                                 text25       000000
__Htext26                                 text26       000000
__Htext27                                 text27       000000
__Htext28                                 text28       000000
__Htext29                                 text29       000000
__Htext3                                  text3        000000
__Htext30                                 text30       000000
__Htext31                                 text31       000000
__Htext32                                 text32       000000
__Htext33                                 text33       000000
__Htext34                                 text34       000000
__Htext35                                 text35       000000
__Htext36                                 text36       000000
__Htext37                                 text37       000000
__Htext38                                 text38       000000
__Htext39                                 text39       000000
__Htext4                                  text4        000000
__Htext40                                 text40       000000
__Htext41                                 text41       000000
__Htext42                                 text42       000000
__Htext43                                 text43       000000
__Htext44                                 text44       000000
__Htext45                                 text45       000000
__Htext46                                 text46       000000
__Htext47                                 text47       000000
__Htext48                                 text48       000000
__Htext49                                 text49       000000
__Htext5                                  text5        000000
__Htext50                                 text50       000000
__Htext51                                 text51       000000
__Htext52                                 text52       000000
__Htext53                                 text53       000000
__Htext54                                 text54       000000
__Htext55                                 text55       000000
__Htext56                                 text56       000000
__Htext57                                 text57       000000
__Htext58                                 text58       000000
__Htext59                                 text59       000000
__Htext6                                  text6        000000
__Htext60                                 text60       000000
__Htext61                                 text61       000000
__Htext62                                 text62       000000
__Htext63                                 text63       000000
__Htext64                                 text64       000000
__Htext65                                 text65       000000
__Htext66                                 text66       000000
__Htext67                                 text67       000000
__Htext68                                 text68       000000
__Htext69                                 text69       000000
__Htext7                                  text7        000000
__Htext70                                 text70       000000
__Htext71                                 text71       000000
__Htext72                                 text72       000000
__Htext73                                 text73       000000
__Htext74                                 text74       000000
__Htext75                                 text75       000000
__Htext76                                 text76       000000
__Htext77                                 text77       000000
__Htext78                                 text78       000000
__Htext79                                 text79       000000
__Htext8                                  text8        000000
__Htext80                                 text80       000000
__Htext81                                 text81       000000
__Htext82                                 text82       000000
__Htext83                                 text83       000000
__Htext84                                 text84       000000
__Htext85                                 text85       000000
__Htext86                                 text86       000000
__Htext87                                 text87       000000
__Htext88                                 text88       000000
__Htext89                                 text89       000000
__Htext9                                  text9        000000
__Htext90                                 text90       000000
__Htext91                                 text91       000000
__Htext92                                 text92       000000
__Htext93                                 text93       000000
__Htext94                                 text94       000000
__Htext95                                 text95       000000
__Htext96                                 text96       000000
__Htext97                                 text97       000000
__Htext98                                 text98       000000
__Htext99                                 text99       000000
__LRAM                                    (abs)        000001
__L__absolute__                           __absolute__ 000000
__Labs1                                   abs1         000000
__Lbank10                                 bank10       000000
__Lbank11                                 bank11       000000
__Lbank12                                 bank12       000000
__Lbank13                                 bank13       000000
__Lbank14                                 bank14       000000
__Lbank15                                 bank15       000000
__Lbank16                                 bank16       000000
__Lbank17                                 bank17       000000
__Lbank18                                 bank18       000000
__Lbank19                                 bank19       000000
__Lbank20                                 bank20       000000
__Lbank21                                 bank21       000000
__Lbank22                                 bank22       000000
__Lbank23                                 bank23       000000
__Lbank24                                 bank24       000000
__Lbank25                                 bank25       000000
__Lbank26                                 bank26       000000
__Lbank27                                 bank27       000000
__Lbank28                                 bank28       000000
__Lbank29                                 bank29       000000
__Lbank30                                 bank30       000000
__Lbank31                                 bank31       000000
__Lbank32                                 bank32       000000
__Lbank33                                 bank33       000000
__Lbank34                                 bank34       000000
__Lbank35                                 bank35       000000
__Lbank36                                 bank36       000000
__Lbank5                                  bank5        000000
__Lbank6                                  bank6        000000
__Lbank7                                  bank7        000000
__Lbank8                                  bank8        000000
__Lbank9                                  bank9        000000
__Lbigbss                                 bigbss       000000
__Lbigdata                                bigdata      000000
__Lbigram                                 bigram       000000
__Lbigsfr                                 bigsfr       000000
__Lbss                                    bss          000000
__LbssBANK10                              bssBANK10    000000
__LbssBANK6                               bssBANK6     000000
__LbssBANK7                               bssBANK7     000000
__LbssBANK8                               bssBANK8     000000
__LbssBANK9                               bssBANK9     000000
__LbssBIGRAM                              bssBIGRAM    000000
__LbssCOMRAM                              bssCOMRAM    000000
__Lcinit                                  cinit        000000
__Lclrtext                                clrtext      000000
__Lcomram                                 comram       000000
__Lconfig                                 config       000000
__Lconst                                  const        000000
__LcstackBANK5                            cstackBANK5  000000
__LcstackBANK6                            cstackBANK6  000000
__LcstackBANK7                            cstackBANK7  000000
__LcstackCOMRAM                           cstackCOMRAM 000000
__Ldata                                   data         000000
__LdataBANK6                              dataBANK6    000000
__LdataBANK7                              dataBANK7    000000
__LdataBANK8                              dataBANK8    000000
__Leeprom_data                            eeprom_data  000000
__Lfarbss                                 farbss       000000
__Lfardata                                fardata      000000
__Lheap                                   heap         000000
__Libigdata                               ibigdata     000000
__Lidata                                  idata        000000
__LidataBANK6                             idataBANK6   000000
__LidataBANK7                             idataBANK7   000000
__LidataBANK8                             idataBANK8   000000
__Lidloc                                  idloc        000000
__Lifardata                               ifardata     000000
__Linit                                   init         000102
__Lintsave_regs                           intsave_regs 000000
__Lirdata                                 irdata       000000
__Livt0x8                                 ivt0x8       000008
__Lmediumconst                            mediumconst  00C172
__LnvBANK6                                nvBANK6      000000
__LnvBANK7                                nvBANK7      000000
__LnvFARRAM                               nvFARRAM     000000
__Lnvbit                                  nvbit        000000
__Lnvrram                                 nvrram       000000
__Lparam                                  rparam       000000
__Lpowerup                                powerup      000000
__Lram                                    ram          000000
__Lramtop                                 ramtop       002600
__Lrbit                                   rbit         000000
__Lrbss                                   rbss         000000
__Lrdata                                  rdata        000000
__Lreset_vec                              reset_vec    000000
__Lrparam                                 rparam       000000
__Lsfr                                    sfr          000000
__Lsmallconst                             smallconst   000000
__Lspace_0                                (abs)        000000
__Lspace_1                                (abs)        000000
__Lspace_2                                (abs)        000000
__Lspace_4                                (abs)        000000
__Lstack                                  stack        000000
__Lstruct                                 struct       000000
[...]
sprintf@s                                 cstackBANK5  0005B6
st_clust@cl                               cstackCOMRAM 00050E
st_clust@dir                              cstackCOMRAM 00050C
st_clust@fs                               cstackCOMRAM 00050A
st_dword@ptr                              cstackCOMRAM 000506
st_dword@val                              cstackCOMRAM 000508
st_word@ptr                               cstackCOMRAM 000506
st_word@val                               cstackCOMRAM 000508
stackhi                                   (abs)        000000
stacklo                                   (abs)        000000
start                                     init         000102
start_initialization                      cinit        01C1A6
stoa@F1184                                dataBANK7    0007CC
stoa@cp                                   cstackCOMRAM 000520
stoa@fp                                   cstackCOMRAM 000510
stoa@i                                    cstackCOMRAM 00051C
stoa@l                                    cstackCOMRAM 000524
stoa@nuls                                 cstackCOMRAM 000515
stoa@p                                    cstackCOMRAM 000522
stoa@s                                    cstackCOMRAM 000512
stoa@w                                    cstackCOMRAM 00051E
strchr@c                                  cstackCOMRAM 000508
strchr@s                                  cstackCOMRAM 000506
strcmp@l                                  cstackCOMRAM 000506
strcmp@r                                  cstackCOMRAM 000508
strcpy@d                                  cstackCOMRAM 00050C
strcpy@dest                               cstackCOMRAM 000506
strcpy@s                                  cstackCOMRAM 00050A
strcpy@src                                cstackCOMRAM 000508
strlen@a                                  cstackCOMRAM 000508
strlen@s                                  cstackCOMRAM 000506
strncmp@_l                                cstackCOMRAM 000506
strncmp@_r                                cstackCOMRAM 000508
strncmp@l                                 cstackCOMRAM 00050D
strncmp@n                                 cstackCOMRAM 00050A
strncmp@r                                 cstackCOMRAM 00050F
sync_fs@fs                                cstackBANK6  000622
sync_fs@res                               cstackBANK6  00062C
sync_window@fs                            cstackBANK6  00060F
sync_window@res                           cstackBANK6  000621
toupper@c                                 cstackCOMRAM 00050A
util_addrdump@addr                        cstackBANK5  0005CA
util_addrdump@addr_offs                   cstackBANK5  0005C6
util_addrdump@buf                         cstackBANK5  0005E1
util_addrdump@chars                       cstackBANK5  0005D0
util_addrdump@header                      cstackBANK5  0005C4
util_addrdump@i                           cstackBANK5  0005E3
util_addrdump@size                        cstackBANK5  0005CC
util_hexdump@addr                         cstackBANK5  0005C6
util_hexdump@buf                          cstackBANK5  0005DD
util_hexdump@chars                        cstackBANK5  0005CC
util_hexdump@header                       cstackBANK5  0005C4
util_hexdump@i                            cstackBANK5  0005DF
util_hexdump@size                         cstackBANK5  0005C8
util_hexdump_sum@addr                     cstackBANK5  0005E3
util_hexdump_sum@header                   cstackBANK5  0005E1
util_hexdump_sum@i                        cstackBANK5  0005E9
util_hexdump_sum@p                        cstackBANK5  0005E7
util_hexdump_sum@size                     cstackBANK5  0005E5
util_hexdump_sum@sum                      cstackBANK5  0005EB
validate@obj                              cstackBANK5  0005C5
validate@res                              cstackBANK5  0005CF
validate@rfs                              cstackBANK5  0005C7
vfpfcnvrt@ap                              cstackBANK5  0005A1
vfpfcnvrt@c                               cstackBANK5  0005AB
vfpfcnvrt@convarg                         cstackBANK5  0005A7
vfpfcnvrt@cp                              cstackBANK5  0005AC
vfpfcnvrt@done                            cstackBANK5  0005A3
vfpfcnvrt@fmt                             cstackBANK5  00059F
vfpfcnvrt@fp                              cstackBANK5  00059D
vfprintf@ap                               cstackBANK5  0005B2
vfprintf@cfmt                             cstackBANK5  0005B4
vfprintf@fmt                              cstackBANK5  0005B0
vfprintf@fp                               cstackBANK5  0005AE
write_sram@ab                             cstackCOMRAM 000512
write_sram@addr                           cstackCOMRAM 000506
write_sram@buf                            cstackCOMRAM 00050A
write_sram@i                              cstackCOMRAM 000510
write_sram@len                            cstackCOMRAM 00050C
xtoa@c                                    cstackCOMRAM 000535
xtoa@d                                    cstackCOMRAM 000524
xtoa@fp                                   cstackCOMRAM 000522
xtoa@i                                    cstackCOMRAM 000533
xtoa@p                                    cstackCOMRAM 00052F
xtoa@w                                    cstackCOMRAM 000531
xtoa@x                                    cstackCOMRAM 000528


MODULE INFORMATION

Module		Function		Class		Link	Load	Size
C:\Program Files\Microchip\xc8\v2.41\pic\sources\c99\common\__fpclassifyf.c
		___fpclassifyf 		CODE           	1BC1A	0000	254

C:\Program Files\Microchip\xc8\v2.41\pic\sources\c99\common\__fpclassifyf.c estimated size: 254

C:\Program Files\Microchip\xc8\v2.41\pic\sources\c99\common\toupper.c
		_toupper       		CODE           	1D976	0000	56

C:\Program Files\Microchip\xc8\v2.41\pic\sources\c99\common\toupper.c estimated size: 56

C:\Program Files\Microchip\xc8\v2.41\pic\sources\c99\common\floorf.c
		_floorf        		CODE           	19034	0000	534

C:\Program Files\Microchip\xc8\v2.41\pic\sources\c99\common\floorf.c estimated size: 534

C:\Program Files\Microchip\xc8\v2.41\pic\sources\c99\common\isalpha.c
		_isalpha       		CODE           	1D9AE	0000	56

C:\Program Files\Microchip\xc8\v2.41\pic\sources\c99\common\isalpha.c estimated size: 56

C:\Program Files\Microchip\xc8\v2.41\pic\sources\c99\common\flge.c
		___flge        		CODE           	1BA14	0000	260

C:\Program Files\Microchip\xc8\v2.41\pic\sources\c99\common\flge.c estimated size: 260

C:\Program Files\Microchip\xc8\v2.41\pic\sources\c99\common\almod.c
		___almod       		CODE           	1BE12	0000	236

C:\Program Files\Microchip\xc8\v2.41\pic\sources\c99\common\almod.c estimated size: 236

C:\Program Files\Microchip\xc8\v2.41\pic\sources\c99\common\Umul32.c
		___lmul        		CODE           	1D1D0	0000	106

C:\Program Files\Microchip\xc8\v2.41\pic\sources\c99\common\Umul32.c estimated size: 106

../src/boards/emu88_common.c
		_emu88_common_rd_pin		CODE           	1DCF0	0000	24
		_emu88_common_init		CODE           	1D2FE	0000	92
		_emu88_common_data_pins		CODE           	1DD8A	0000	4
		_emu88_common_set_data_dir		CODE           	1DD74	0000	8
		_write_sram    		CODE           	1B344	0000	318
		_read_sram     		CODE           	1B6E6	0000	284
		_emu88_common_start_i88		CODE           	1DCD2	0000	30
		_emu88_common_wait_for_programmer		CODE           	1D4B4	0000	82
		_emu88_common_set_data_pins		CODE           	1DD6C	0000	8
		_emu88_common_addr_l_pins		CODE           	1DD8E	0000	4
		_emu88_common_sys_init		CODE           	1CD58	0000	138

../src/boards/emu88_common.c estimated size: 992

../drivers/diskio.c
		_get_fattime   		CODE           	1DD36	0000	18
		_disk_initialize		CODE           	18284	0000	708
		_disk_write    		CODE           	1AADA	0000	382
		_disk_status   		CODE           	1CE66	0000	132
		_disk_ioctl    		CODE           	1C808	0000	186
		_disk_read     		CODE           	1A652	0000	390

../drivers/diskio.c estimated size: 1816

C:\Program Files\Microchip\xc8\v2.41\pic\sources\c99\common\fltol.c
		___fltol       		CODE           	1B90E	0000	262

C:\Program Files\Microchip\xc8\v2.41\pic\sources\c99\common\fltol.c estimated size: 262

../src/boards/../../drivers/SDCard.c
		_SDCard_crc    		CODE           	1CEEA	0000	132
		___SDCard_crc16		CODE           	1C744	0000	196
		_SDCard_init   		CODE           	15058	0000	1210
		_SDCard_read512		CODE           	17552	0000	916
		_SDCard_command		CODE           	1D070	0000	124
		_SDCard_write512		CODE           	15972	0000	1074
		_SDCard_end_transaction		CODE           	1DB6C	0000	42
		___SDCard_wait_response		CODE           	1D76A	0000	70
		___SDCard_command_r1		CODE           	1C97A	0000	182

../src/boards/../../drivers/SDCard.c estimated size: 3946

C:\Program Files\Microchip\xc8\v2.41\pic\sources\c99\common\xxtofl.c
		___xxtofl      		CODE           	19E28	0000	436

C:\Program Files\Microchip\xc8\v2.41\pic\sources\c99\common\xxtofl.c estimated size: 436

C:\Program Files\Microchip\xc8\v2.41\pic\sources\c99\common\__lldiv.c
		___lldiv       		CODE           	1CB84	0000	164

C:\Program Files\Microchip\xc8\v2.41\pic\sources\c99\common\__lldiv.c estimated size: 164

../src/io.c
		_get_physical_addr		CODE           	1DA88	0000	50
		_putch         		CODE           	1DD20	0000	22
		_io_rd_wr      		CODE           	15512	0000	1120
		_URT3Rx_ISR    		CODE           	1CFF0	0000	128
		_io_init       		CODE           	1D3B4	0000	86
		_getch         		CODE           	1D694	0000	72
		_Default_ISR   		CODE           	1DDA0	0000	2
		_bus_master_operation		CODE           	161CE	0000	1066

../src/io.c estimated size: 2546

../src/boards/../../drivers/pic18f57q43_spi.c
		_SPI_SD_send   		CODE           	1CCC4	0000	148
		_SPI_SD_begin  		CODE           	1DA56	0000	50
		_SPI_SD_select 		CODE           	1DD08	0000	24
		_SPI_SD_configure		CODE           	1B482	0000	312
		_SPI_SD_receive_byte		CODE           	1DC2E	0000	34
		_SPI_SD_receive		CODE           	17C70	0000	808
		_SPI_SD_end_transaction		CODE           	1DC72	0000	34
		_SPI_SD_dummy_clocks		CODE           	1D2A0	0000	94
		_release_bus   		CODE           	1D87C	0000	66
		_SPI_SD_begin_transaction		CODE           	1DC50	0000	34
		_acquire_bus   		CODE           	1D460	0000	84

../src/boards/../../drivers/pic18f57q43_spi.c estimated size: 1688

C:\Program Files\Microchip\xc8\v2.41\pic\sources\c99\common\strlen.c
		_strlen        		CODE           	1D5A8	0000	80

C:\Program Files\Microchip\xc8\v2.41\pic\sources\c99\common\strlen.c estimated size: 80

C:\Program Files\Microchip\xc8\v2.41\pic\sources\c99\common\nf_fputc.c
		_fputc         		CODE           	1C67A	0000	202

C:\Program Files\Microchip\xc8\v2.41\pic\sources\c99\common\nf_fputc.c estimated size: 202

../src/memory.c
		_mem_init      		CODE           	18548	0000	626

../src/memory.c estimated size: 626

C:\Program Files\Microchip\xc8\v2.41\pic\sources\c99\common\strcmp.c
		_strcmp        		CODE           	1D0EC	0000	120

C:\Program Files\Microchip\xc8\v2.41\pic\sources\c99\common\strcmp.c estimated size: 120

C:\Program Files\Microchip\xc8\v2.41\pic\sources\c99\common\strchr.c
		_strchr        		CODE           	1D35A	0000	90

C:\Program Files\Microchip\xc8\v2.41\pic\sources\c99\common\strchr.c estimated size: 90

C:\Program Files\Microchip\xc8\v2.41\pic\sources\c99\common\strcpy.c
		_strcpy        		CODE           	1D7F4	0000	68

C:\Program Files\Microchip\xc8\v2.41\pic\sources\c99\common\strcpy.c estimated size: 68

C:\Program Files\Microchip\xc8\v2.41\pic\sources\c99\common\memset.c
		_memset        		CODE           	1AC58	0000	374

C:\Program Files\Microchip\xc8\v2.41\pic\sources\c99\common\memset.c estimated size: 374

C:\Program Files\Microchip\xc8\v2.41\pic\sources\c99\common\nf_sprintf.c
		_sprintf       		CODE           	1D558	0000	80

C:\Program Files\Microchip\xc8\v2.41\pic\sources\c99\common\nf_sprintf.c estimated size: 80

C:\Program Files\Microchip\xc8\v2.41\pic\sources\c99\common\sprcadd.c
		___flsub       		CODE           	1D724	0000	70
		___fladd       		CODE           	14B98	0000	1216

C:\Program Files\Microchip\xc8\v2.41\pic\sources\c99\common\sprcadd.c estimated size: 1286

C:\Program Files\Microchip\xc8\v2.41\pic\sources\c99\common\aldiv.c
		___aldiv       		CODE           	1B802	0000	268

C:\Program Files\Microchip\xc8\v2.41\pic\sources\c99\common\aldiv.c estimated size: 268

C:\Program Files\Microchip\xc8\v2.41\pic\sources\c99\common\abs.c
		_abs           		CODE           	1D8FE	0000	64

C:\Program Files\Microchip\xc8\v2.41\pic\sources\c99\common\abs.c estimated size: 64

C:\Program Files\Microchip\xc8\v2.41\pic\sources\c99\common\doprnt.c
		_read_prec_or_width		CODE           	1C34A	0000	206
		_vfpfcnvrt     		CODE           	12D8E	0000	1922
		_efgtoa        		CODE           	10AC4	0000	2660
		_pad           		CODE           	1CADA	0000	170
		_ctoa          		CODE           	1C5B0	0000	202
		_dtoa          		CODE           	1966C	0000	512
		_vfprintf      		CODE           	1D40A	0000	86
		_stoa          		CODE           	1A4C0	0000	402
		_xtoa          		CODE           	19C58	0000	464

C:\Program Files\Microchip\xc8\v2.41\pic\sources\c99\common\doprnt.c estimated size: 6624

../fatfs/ff.c
		_clst2sect     		CODE           	1C4E4	0000	204
		_find_volume   		CODE           	19A64	0000	500
		_dir_clear     		CODE           	1B0A6	0000	336
		_ld_dword      		CODE           	1C8C2	0000	184
		_remove_chain  		CODE           	187BA	0000	562
		_f_mount       		CODE           	1BD18	0000	250
		_get_fat       		CODE           	16A22	0000	1024
		_st_word       		CODE           	1DB96	0000	40
		_get_ldnumber  		CODE           	1A322	0000	414
		_st_clust      		CODE           	1D648	0000	76
		_create_name   		CODE           	171BC	0000	918
		_create_chain  		CODE           	13C24	0000	1456
		_dbc_1st       		CODE           	1CC28	0000	156
		_f_lseek       		CODE           	11DA4	0000	2050
		_validate      		CODE           	1BB18	0000	258
		_check_fs      		CODE           	17F98	0000	748
		_f_sync        		CODE           	18E1E	0000	534
		_get_fileinfo  		CODE           	1986C	0000	504
		_dir_read      		CODE           	19FDC	0000	420
		_st_dword      		CODE           	1D164	0000	108
		_f_write       		CODE           	11528	0000	2172
		_dir_alloc     		CODE           	1B1F6	0000	334
		_f_opendir     		CODE           	1A95C	0000	382
		_put_fat       		CODE           	141D4	0000	1280
		_f_readdir     		CODE           	1BEFE	0000	230
		_sync_fs       		CODE           	1924A	0000	530
		_dir_next      		CODE           	15DA4	0000	1066
		_sync_window   		CODE           	1A180	0000	418
		_dir_register  		CODE           	1BFE4	0000	226
		_ld_word       		CODE           	1DA1E	0000	56
		_dir_find      		CODE           	1A7D8	0000	388
		_f_open        		CODE           	125A6	0000	2024
		_f_read        		CODE           	13510	0000	1812
		_dir_sdi       		CODE           	178E6	0000	906
		_follow_path   		CODE           	189EC	0000	540
		_f_closedir    		CODE           	1D93E	0000	56
		_dbc_2nd       		CODE           	1C0C6	0000	224
		_ld_clust      		CODE           	1CF6E	0000	128
		_move_window   		CODE           	1C418	0000	204
		_mount_volume  		CODE           	10000	0000	2756

../fatfs/ff.c estimated size: 26474

../drivers/utils.c
		_util_addrdump 		CODE           	1ADCE	0000	372
		_util_hexdump  		CODE           	1AF42	0000	356
		_util_hexdump_sum		CODE           	1CDE2	0000	132

../drivers/utils.c estimated size: 860

C:\Program Files\Microchip\xc8\v2.41\pic\sources\c99\common\flneg.c
		___flneg       		CODE           	1D9E6	0000	56

C:\Program Files\Microchip\xc8\v2.41\pic\sources\c99\common\flneg.c estimated size: 56

C:\Program Files\Microchip\xc8\v2.41\pic\sources\c99\common\fleq.c
		___fleq        		CODE           	1CA30	0000	170

C:\Program Files\Microchip\xc8\v2.41\pic\sources\c99\common\fleq.c estimated size: 170

../src/emu88_main.c
		_sys_init      		CODE           	1DC0C	0000	34
		_main          		CODE           	18C08	0000	534
		_menu_select   		CODE           	146D4	0000	1220
		_start_i88     		CODE           	1DCB4	0000	30
		_disk_init     		CODE           	1D506	0000	82

../src/emu88_main.c estimated size: 1900

shared
		_num_drives    		MEDIUMCONST    	0000	0000	0
		_DbcTbl        		MEDIUMCONST    	C173	0000	10
		_rom0          		MEDIUMCONST    	C17F	0000	9461
		__initialization		CODE           	1C1A6	0000	208
		_rom1          		MEDIUMCONST    	F174	0000	1517
		_rom2          		MEDIUMCONST    	E674	0000	2816

shared estimated size: 14012

../src/boards/EMU88RAM.c
		_board_event_loop		CODE           	1DAE8	0000	44
		_set_hold_pin  		CODE           	1DD86	0000	4
		_emu88_57q_bus_master		CODE           	1D6DC	0000	72
		_emu88_57q_nmi_sig_off		CODE           	1DD92	0000	4
		_reset_hold_pin		CODE           	1DD96	0000	4
		_reset_io_read_mask		CODE           	1DD54	0000	12
		_board_init    		CODE           	1D7B0	0000	68
		_end_io_read   		CODE           	1DC94	0000	32
		_emu88_57q_nmi_sig_on		CODE           	1DD9A	0000	4
		_end_io_write  		CODE           	1DD7C	0000	6
		_reset_t2_mask 		CODE           	1DD48	0000	12
		_emu88_57q_sys_init		CODE           	1945C	0000	528
		_emu88_57q_start_i88		CODE           	1DABA	0000	46

../src/boards/EMU88RAM.c estimated size: 836

C:\Program Files\Microchip\xc8\v2.41\pic\sources\c99\common\memcmp.c
		_memcmp        		CODE           	1C27C	0000	206

C:\Program Files\Microchip\xc8\v2.41\pic\sources\c99\common\memcmp.c estimated size: 206

C:\Program Files\Microchip\xc8\v2.41\pic\sources\c99\common\memcpy.c
		_memcpy        		CODE           	1D5F8	0000	80

C:\Program Files\Microchip\xc8\v2.41\pic\sources\c99\common\memcpy.c estimated size: 80

C:\Program Files\Microchip\xc8\v2.41\pic\sources\c99\common\isupper.c
		_isupper       		CODE           	1DB40	0000	44

C:\Program Files\Microchip\xc8\v2.41\pic\sources\c99\common\isupper.c estimated size: 44

C:\Program Files\Microchip\xc8\v2.41\pic\sources\c99\common\Umul16.c
		___wmul        		CODE           	1DBE6	0000	38

C:\Program Files\Microchip\xc8\v2.41\pic\sources\c99\common\Umul16.c estimated size: 38

C:\Program Files\Microchip\xc8\v2.41\pic\sources\c99\common\nf_fputs.c
		_fputs         		CODE           	1D838	0000	68

C:\Program Files\Microchip\xc8\v2.41\pic\sources\c99\common\nf_fputs.c estimated size: 68

C:\Program Files\Microchip\xc8\v2.41\pic\sources\c99\common\islower.c
		_islower       		CODE           	1DB14	0000	44

C:\Program Files\Microchip\xc8\v2.41\pic\sources\c99\common\islower.c estimated size: 44

C:\Program Files\Microchip\xc8\v2.41\pic\sources\c99\common\labs.c
		_labs          		CODE           	1D23A	0000	102

C:\Program Files\Microchip\xc8\v2.41\pic\sources\c99\common\labs.c estimated size: 102

C:\Program Files\Microchip\xc8\v2.41\pic\sources\c99\common\strncmp.c
		_strncmp       		CODE           	1B5BA	0000	300

C:\Program Files\Microchip\xc8\v2.41\pic\sources\c99\common\strncmp.c estimated size: 300

C:\Program Files\Microchip\xc8\v2.41\pic\sources\c99\common\sprcmul.c
		___flmul       		CODE           	165F8	0000	1066

C:\Program Files\Microchip\xc8\v2.41\pic\sources\c99\common\sprcmul.c estimated size: 1066

C:\Program Files\Microchip\xc8\v2.41\pic\sources\c99\common\printf.c
		_printf        		CODE           	1DBBE	0000	40

C:\Program Files\Microchip\xc8\v2.41\pic\sources\c99\common\printf.c estimated size: 40

C:\Program Files\Microchip\xc8\v2.41\pic\sources\c99\common\sprcdiv.c
		___fldiv       		CODE           	16E22	0000	922

C:\Program Files\Microchip\xc8\v2.41\pic\sources\c99\common\sprcdiv.c estimated size: 922

